This file contains any messages produced by compilers while
running configure, to aid debugging if configure makes a mistake.

It was created by MCT configure 2.0, which was
generated by GNU Autoconf 2.59.  Invocation command line was

  $ ./configure --prefix=/home/tr16/COAWST_3.7/MCT_LIB F90=gfortran FC=mpif90

## --------- ##
## Platform. ##
## --------- ##

hostname = master
uname -m = x86_64
uname -r = 4.18.0-553.27.1.el8_10.x86_64
uname -s = Linux
uname -v = #1 SMP Wed Nov 6 14:29:02 UTC 2024

/usr/bin/uname -p = x86_64
/bin/uname -X     = unknown

/bin/arch              = x86_64
/usr/bin/arch -k       = unknown
/usr/convex/getsysinfo = unknown
hostinfo               = unknown
/bin/machine           = unknown
/usr/bin/oslevel       = unknown
/bin/universe          = unknown

PATH: /opt/ohpc/pub/apps/libpng-1.6.37/bin
PATH: /opt/ohpc/pub/apps/jasper-1.900.1/bin
PATH: /opt/ohpc/pub/apps/hdf5-1.10.4/bin
PATH: /opt/ohpc/pub/compiler/gcc/9.4.0/bin
PATH: /opt/ohpc/pub/apps/netcdf-4.7.3/bin
PATH: /opt/ohpc/pub/apps/openmpi-4.0.2/bin
PATH: /opt/ohpc/pub/bin
PATH: /opt/ohpc/pub/apps/spack/0.22.2/bin
PATH: /home/tr16/.local/bin
PATH: /home/tr16/bin
PATH: /usr/local/bin
PATH: /usr/bin
PATH: /usr/local/sbin
PATH: /usr/sbin
PATH: /opt/dell/srvadmin/bin


## ----------- ##
## Core tests. ##
## ----------- ##

configure:1577: checking for cc
configure:1593: found /usr/bin/cc
configure:1603: result: cc
configure:1624: checking for C compiler version
configure:1627: cc --version </dev/null >&5
cc (GCC) 8.5.0 20210514 (Red Hat 8.5.0-22)
Copyright (C) 2018 Free Software Foundation, Inc.
This is free software; see the source for copying conditions.  There is NO
warranty; not even for MERCHANTABILITY or FITNESS FOR A PARTICULAR PURPOSE.

configure:1630: $? = 0
configure:1632: cc -v </dev/null >&5
Using built-in specs.
COLLECT_GCC=cc
COLLECT_LTO_WRAPPER=/usr/libexec/gcc/x86_64-redhat-linux/8/lto-wrapper
OFFLOAD_TARGET_NAMES=nvptx-none
OFFLOAD_TARGET_DEFAULT=1
Target: x86_64-redhat-linux
Configured with: ../configure --enable-bootstrap --enable-languages=c,c++,fortran,lto --prefix=/usr --mandir=/usr/share/man --infodir=/usr/share/info --with-bugurl=https://bugs.rockylinux.org/ --enable-shared --enable-threads=posix --enable-checking=release --enable-multilib --with-system-zlib --enable-__cxa_atexit --disable-libunwind-exceptions --enable-gnu-unique-object --enable-linker-build-id --with-gcc-major-version-only --with-linker-hash-style=gnu --enable-plugin --enable-initfini-array --with-isl --disable-libmpx --enable-offload-targets=nvptx-none --without-cuda-driver --enable-gnu-indirect-function --enable-cet --with-tune=generic --with-arch_32=x86-64 --build=x86_64-redhat-linux
Thread model: posix
gcc version 8.5.0 20210514 (Red Hat 8.5.0-22) (GCC) 
configure:1635: $? = 0
configure:1637: cc -V </dev/null >&5
cc: error: unrecognized command line option '-V'
cc: fatal error: no input files
compilation terminated.
configure:1640: $? = 1
configure:1663: checking for C compiler default output file name
configure:1666: cc    conftest.c  >&5
configure:1669: $? = 0
configure:1715: result: a.out
configure:1720: checking whether the C compiler works
configure:1726: ./a.out
configure:1729: $? = 0
configure:1746: result: yes
configure:1753: checking whether we are cross compiling
configure:1755: result: no
configure:1758: checking for suffix of executables
configure:1760: cc -o conftest    conftest.c  >&5
configure:1763: $? = 0
configure:1788: result: 
configure:1794: checking for suffix of object files
configure:1815: cc -c   conftest.c >&5
configure:1818: $? = 0
configure:1840: result: o
configure:1844: checking whether we are using the GNU C compiler
configure:1868: cc -c   conftest.c >&5
configure:1874: $? = 0
configure:1878: test -z 
			 || test ! -s conftest.err
configure:1881: $? = 0
configure:1884: test -s conftest.o
configure:1887: $? = 0
configure:1900: result: yes
configure:1906: checking whether cc accepts -g
configure:1927: cc -c -g  conftest.c >&5
configure:1933: $? = 0
configure:1937: test -z 
			 || test ! -s conftest.err
configure:1940: $? = 0
configure:1943: test -s conftest.o
configure:1946: $? = 0
configure:1957: result: yes
configure:1974: checking for cc option to accept ANSI C
configure:2044: cc  -c -g -O2  conftest.c >&5
configure:2050: $? = 0
configure:2054: test -z 
			 || test ! -s conftest.err
configure:2057: $? = 0
configure:2060: test -s conftest.o
configure:2063: $? = 0
configure:2081: result: none needed
configure:2099: cc -c -g -O2  conftest.c >&5
conftest.c:2:3: error: unknown type name 'choke'
   choke me
   ^~~~~
conftest.c:2:3: error: expected '=', ',', ';', 'asm' or '__attribute__' at end of input
configure:2105: $? = 1
configure: failed program was:
| #ifndef __cplusplus
|   choke me
| #endif
configure:2333: checking Fortran 90 filename extension
configure:2345: gfortran -c  conftest.F90 >&5
configure:2348: $? = 0
configure:2351: test -s conftest.o
configure:2354: $? = 0
configure:2356: result: .F90
configure:2369: checking for Fortran 90 compiler version
configure:2372: gfortran --version </dev/null >&5
GNU Fortran (GCC) 9.4.0
Copyright (C) 2019 Free Software Foundation, Inc.
This is free software; see the source for copying conditions.  There is NO
warranty; not even for MERCHANTABILITY or FITNESS FOR A PARTICULAR PURPOSE.

configure:2375: $? = 0
configure:2377: gfortran -v </dev/null >&5
Using built-in specs.
COLLECT_GCC=gfortran
COLLECT_LTO_WRAPPER=/opt/ohpc/pub/compiler/gcc/9.4.0/libexec/gcc/x86_64-pc-linux-gnu/9.4.0/lto-wrapper
Target: x86_64-pc-linux-gnu
Configured with: ../configure --disable-multilib --enable-languages=c,c++,fortran --prefix=/opt/ohpc/pub/compiler/gcc/9.4.0 --disable-static --enable-shared
Thread model: posix
gcc version 9.4.0 (GCC) 
configure:2380: $? = 0
configure:2382: gfortran -V </dev/null >&5
gfortran: error: unrecognized command line option '-V'
gfortran: fatal error: no input files
compilation terminated.
configure:2385: $? = 1
configure:2392: checking whether we are using the GNU Fortran 90 compiler
configure:2409: gfortran -c  conftest.F90 >&5
configure:2415: $? = 0
configure:2419: test -z 
			 || test ! -s conftest.err
configure:2422: $? = 0
configure:2425: test -s conftest.o
configure:2428: $? = 0
configure:2441: result: yes
configure:2478: checking for mpxlf90_r
configure:2507: result: no
configure:2478: checking for mpxlf90
configure:2507: result: no
configure:2478: checking for mpxlf95
configure:2507: result: no
configure:2478: checking for mpif90
configure:2494: found /opt/ohpc/pub/apps/openmpi-4.0.2/bin/mpif90
configure:2504: result: mpif90
configure:2521: checking for MPI_Init
configure:2532: mpif90 -o conftest    conftest.F90  >&5
configure:2538: $? = 0
configure:2542: test -z 
			 || test ! -s conftest.err
configure:2545: $? = 0
configure:2548: test -s conftest
configure:2551: $? = 0
configure:2554: result: yes
configure:2681: checking for mpif.h
configure:2692: mpif90 -c  conftest.F90 >&5
configure:2698: $? = 0
configure:2702: test -z 
			 || test ! -s conftest.err
configure:2705: $? = 0
configure:2708: test -s conftest.o
configure:2711: $? = 0
configure:2713: result: yes
configure:2787: mpif90 -c  conftest.F90 >&5
configure:2793: $? = 0
configure:2797: test -z 
			 || test ! -s conftest.err
configure:2800: $? = 0
configure:2803: test -s conftest.o
configure:2806: $? = 0
configure:2824: checking how to get the version output from gfortran
configure:2839: gfortran -c  conftest.F90 >&5
configure:2845: $? = 0
configure:2849: test -z 
			 || test ! -s conftest.err
configure:2852: $? = 0
configure:2855: test -s conftest.o
configure:2858: $? = 0
configure:2881: gfortran -o conftest  -V   conftest.F90  >&5
gfortran: error: unrecognized command line option '-V'
configure:2881: gfortran -o conftest  -version   conftest.F90  >&5
gfortran: error: unrecognized command line option '-version'
configure:2881: gfortran -o conftest  --version   conftest.F90  >&5
GNU Fortran (GCC) 9.4.0
Copyright (C) 2019 Free Software Foundation, Inc.
This is free software; see the source for copying conditions.  There is NO
warranty; not even for MERCHANTABILITY or FITNESS FOR A PARTICULAR PURPOSE.
configure:2916: result: --version
configure:2930: checking whether byte ordering is bigendian
configure:2957: cc -c -g -O2  conftest.c >&5
configure:2963: $? = 0
configure:2967: test -z 
			 || test ! -s conftest.err
configure:2970: $? = 0
configure:2973: test -s conftest.o
configure:2976: $? = 0
configure:3000: cc -c -g -O2  conftest.c >&5
conftest.c: In function 'main':
conftest.c:17:2: error: unknown type name 'not'; did you mean 'ino_t'?
  not big endian
  ^~~
  ino_t
conftest.c:17:10: error: expected '=', ',', ';', 'asm' or '__attribute__' before 'endian'
  not big endian
          ^~~~~~
configure:3006: $? = 1
configure: failed program was:
| /* confdefs.h.  */
| 
| #define PACKAGE_NAME "MCT"
| #define PACKAGE_TARNAME "mct"
| #define PACKAGE_VERSION "2.0"
| #define PACKAGE_STRING "MCT 2.0"
| #define PACKAGE_BUGREPORT ""
| #define HAVE_MPI 1
| /* end confdefs.h.  */
| #include <sys/types.h>
| #include <sys/param.h>
| 
| int
| main ()
| {
| #if BYTE_ORDER != BIG_ENDIAN
|  not big endian
| #endif
| 
|   ;
|   return 0;
| }
configure:3141: result: no
configure:3173: checking whether fortran .mod file is uppercase
configure:3190: mpif90 -c  conftest.F90 >&5
configure:3196: $? = 0
configure:3200: test -z 
			 || test ! -s conftest.err
configure:3203: $? = 0
configure:3206: test -s conftest.o
configure:3209: $? = 0
configure:3231: result: no
configure:3257: checking for Fortran 90 name-mangling scheme
configure:3276: cc -c -g -O2  conftest.c >&5
configure:3282: $? = 0
configure:3286: test -z 
			 || test ! -s conftest.err
configure:3289: $? = 0
configure:3292: test -s conftest.o
configure:3295: $? = 0
configure:3320: mpif90 -o conftest    conftest.F90 cf90_test.o   >&5
configure:3326: $? = 0
configure:3330: test -z 
			 || test ! -s conftest.err
configure:3333: $? = 0
configure:3336: test -s conftest
configure:3339: $? = 0
configure:3400: result: lower case, underscore
configure:3431: checking for cpp
configure:3447: found /opt/ohpc/pub/compiler/gcc/9.4.0/bin/cpp
configure:3457: result: cpp
configure:3489: checking if Fortran 90 compiler performs preprocessing
configure:3518: mpif90 -Daardvark -c  conftest.F90 >&5
configure:3524: $? = 0
configure:3528: test -z 
			 || test ! -s conftest.err
configure:3531: $? = 0
configure:3534: test -s conftest.o
configure:3537: $? = 0
configure:3551: result: yes
configure:3560: checking if C preprocessor can work with Fortran compiler
configure:3598: cpp -Daardvark -P -C -N -traditional conftest.bar conftest.f90
configure:3601: $? = 0
configure:3624: mpif90 -c  conftest.f90 >&5
conftest.f90:1:1:

    1 | /* Copyright (C) 1991-2018 Free Software Foundation, Inc.
      | 1
Error: Invalid character in name at (1)
conftest.f90:16:4:

   16 |    <http://www.gnu.org/licenses/>.  */
      |    1
Error: Invalid character in name at (1)
conftest.f90:19:1:

   19 | /* This header is separate from features.h so that the compiler can
      | 1
Error: Invalid character in name at (1)
conftest.f90:22:4:

   22 |    <features.h> because the implicit include comes before any feature
      |    1
Error: Invalid character in name at (1)
conftest.f90:27:1:

   27 | /* glibc's intent is to support the IEC 559 math functionality, real
      | 1
Error: Invalid character in name at (1)
conftest.f90:36:1:

   36 | /* wchar_t uses Unicode 10.0.0.  Version 10.0 of the Unicode Standard is
      | 1
Error: Invalid character in name at (1)
configure:3630: $? = 1
configure: failed program was:
| /* Copyright (C) 1991-2018 Free Software Foundation, Inc.
|    This file is part of the GNU C Library.
| 
|    The GNU C Library is free software; you can redistribute it and/or
|    modify it under the terms of the GNU Lesser General Public
|    License as published by the Free Software Foundation; either
|    version 2.1 of the License, or (at your option) any later version.
| 
|    The GNU C Library is distributed in the hope that it will be useful,
|    but WITHOUT ANY WARRANTY; without even the implied warranty of
|    MERCHANTABILITY or FITNESS FOR A PARTICULAR PURPOSE.  See the GNU
|    Lesser General Public License for more details.
| 
|    You should have received a copy of the GNU Lesser General Public
|    License along with the GNU C Library; if not, see
|    <http://www.gnu.org/licenses/>.  */
| 
| 
| /* This header is separate from features.h so that the compiler can
|    include it implicitly at the start of every compilation.  It must
|    not itself include <features.h> or any other header that includes
|    <features.h> because the implicit include comes before any feature
|    test macros that may be defined in a source file before it first
|    explicitly includes a system header.  GCC knows the name of this
|    header in order to preinclude it.  */
| 
| /* glibc's intent is to support the IEC 559 math functionality, real
|    and complex.  If the GCC (4.9 and later) predefined macros
|    specifying compiler intent are available, use them to determine
|    whether the overall intent is to support these features; otherwise,
|    presume an older compiler has intent to support these features and
|    define these macros by default.  */
| 
| 
| 
| /* wchar_t uses Unicode 10.0.0.  Version 10.0 of the Unicode Standard is
|    synchronized with ISO/IEC 10646:2017, fifth edition, plus
|    the following additions from Amendment 1 to the fifth edition:
|    - 56 emoji characters
|    - 285 hentaigana
|    - 3 additional Zanabazar Square characters */
| 
| 
| program main
| 
|   implicit none
|   character(len=25) :: ch  ! '
|   ch="Does this test &
| !Comment-Line
|           &work? "// &
|           "YES!"
| 
| 
| end program main
| 
configure:3654: result: no
configure:4189: creating ./config.status

## ---------------------- ##
## Running config.status. ##
## ---------------------- ##

This file was extended by MCT config.status 2.0, which was
generated by GNU Autoconf 2.59.  Invocation command line was

  CONFIG_FILES    = 
  CONFIG_HEADERS  = 
  CONFIG_LINKS    = 
  CONFIG_COMMANDS = 
  $ ./config.status 

on master

config.status:660: creating Makefile.conf

## ---------------- ##
## Cache variables. ##
## ---------------- ##

ac_cv_c_bigendian=no
ac_cv_c_compiler_gnu=yes
ac_cv_env_ALLCFLAGS_set=
ac_cv_env_ALLCFLAGS_value=
ac_cv_env_AR_set=
ac_cv_env_AR_value=
ac_cv_env_BABELROOT_set=
ac_cv_env_BABELROOT_value=
ac_cv_env_BIT64_set=
ac_cv_env_BIT64_value=
ac_cv_env_CC_set=
ac_cv_env_CC_value=
ac_cv_env_CFLAGS_set=
ac_cv_env_CFLAGS_value=
ac_cv_env_COMPILER_ROOT_set=
ac_cv_env_COMPILER_ROOT_value=
ac_cv_env_CPPFLAGS_set=
ac_cv_env_CPPFLAGS_value=
ac_cv_env_ENDIAN_set=
ac_cv_env_ENDIAN_value=
ac_cv_env_F90FLAGS_set=
ac_cv_env_F90FLAGS_value=
ac_cv_env_F90SUFFIX_set=
ac_cv_env_F90SUFFIX_value=
ac_cv_env_F90_set=set
ac_cv_env_F90_value=gfortran
ac_cv_env_FCFLAGS_set=
ac_cv_env_FCFLAGS_value=
ac_cv_env_FC_set=set
ac_cv_env_FC_value=mpif90
ac_cv_env_FORT_SIZE_set=
ac_cv_env_FORT_SIZE_value=
ac_cv_env_FPPFLAGS_set=
ac_cv_env_FPPFLAGS_value=
ac_cv_env_FPP_set=
ac_cv_env_FPP_value=
ac_cv_env_INCLUDEFLAG_set=
ac_cv_env_INCLUDEFLAG_value=
ac_cv_env_INCLUDEPATH_set=
ac_cv_env_INCLUDEPATH_value=
ac_cv_env_LDFLAGS_set=
ac_cv_env_LDFLAGS_value=
ac_cv_env_MACHDEFS_set=
ac_cv_env_MACHDEFS_value=
ac_cv_env_MPIF90_set=
ac_cv_env_MPIF90_value=
ac_cv_env_MPIHEADER_set=
ac_cv_env_MPIHEADER_value=
ac_cv_env_MPILIBS_set=
ac_cv_env_MPILIBS_value=
ac_cv_env_OPT_set=
ac_cv_env_OPT_value=
ac_cv_env_REAL8_set=
ac_cv_env_REAL8_value=
ac_cv_env_build_alias_set=
ac_cv_env_build_alias_value=
ac_cv_env_host_alias_set=
ac_cv_env_host_alias_value=
ac_cv_env_target_alias_set=
ac_cv_env_target_alias_value=
ac_cv_exeext=
ac_cv_f90_compiler_gnu=yes
ac_cv_f90_fpp_compiler=yes
ac_cv_f90_fpp_external=no
ac_cv_f90_mangling='lower case, underscore'
ac_cv_f90_mod_uppercase=no
ac_cv_objext=o
ac_cv_prog_FPP=cpp
ac_cv_prog_MPIF90=mpif90
ac_cv_prog_ac_ct_CC=cc
ac_cv_prog_cc_g=yes
ac_cv_prog_cc_stdc=
ac_cv_prog_f90_version=--version

## ----------------- ##
## Output variables. ##
## ----------------- ##

ALLCFLAGS='-DFORTRAN_UNDERSCORE_ -DSYSLINUX -DCPRGNU -O'
AR='ar cq'
BABELROOT=''
BIT64=''
CC='cc'
CFLAGS='-g -O2'
COMPILER_ROOT=''
CPPFLAGS=''
CRULE='.c.o'
DEFS='-DPACKAGE_NAME=\"MCT\" -DPACKAGE_TARNAME=\"mct\" -DPACKAGE_VERSION=\"2.0\" -DPACKAGE_STRING=\"MCT\ 2.0\" -DPACKAGE_BUGREPORT=\"\" -DHAVE_MPI=1 '
ECHO_C=''
ECHO_N='-n'
ECHO_T=''
ENDIAN=''
EXEEXT=''
F90='gfortran'
F90FLAGS=''
F90RULE='.F90.o'
F90RULECPP='.F90RULECPP'
F90SUFFIX='F90'
FC='mpif90'
FCFLAGS=''
FORT_SIZE=''
FPP='cpp'
FPPFLAGS='-P -C -N -traditional'
INCLUDEFLAG='-I'
INCLUDEPATH=''
LDFLAGS=''
LIBOBJS=''
LIBS=''
LTLIBOBJS=''
MACHDEFS='-DSYSLINUX -DCPRGNU'
MPIF90='mpif90'
MPIHEADER=''
MPILIBS=''
MPISERPATH=''
OBJEXT='o'
OPT=''
PACKAGE_BUGREPORT=''
PACKAGE_NAME='MCT'
PACKAGE_STRING='MCT 2.0'
PACKAGE_TARNAME='mct'
PACKAGE_VERSION='2.0'
PATH_SEPARATOR=':'
PYTHON=''
PYTHONOPTS=''
REAL8=''
SHELL='/bin/sh'
ac_ct_CC='cc'
ac_ct_F90=''
bindir='${exec_prefix}/bin'
build_alias=''
datadir='${prefix}/share'
exec_prefix='${prefix}'
host_alias=''
includedir='${prefix}/include'
infodir='${prefix}/info'
libdir='${exec_prefix}/lib'
libexecdir='${exec_prefix}/libexec'
localstatedir='${prefix}/var'
mandir='${prefix}/man'
oldincludedir='/usr/include'
prefix='/home/tr16/COAWST_3.7/MCT_LIB'
program_transform_name='s,x,x,'
sbindir='${exec_prefix}/sbin'
sharedstatedir='${prefix}/com'
sysconfdir='${prefix}/etc'
target_alias=''

## ----------- ##
## confdefs.h. ##
## ----------- ##

#define HAVE_MPI 1
#define PACKAGE_BUGREPORT ""
#define PACKAGE_NAME "MCT"
#define PACKAGE_STRING "MCT 2.0"
#define PACKAGE_TARNAME "mct"
#define PACKAGE_VERSION "2.0"

configure: exit 0
